[    0.000000] Linux version 5.15.0-67-generic (buildd@lcy02-amd64-116) (gcc (Ubuntu 11.3.0-1ubuntu1~22.04) 11.3.0, GNU ld (GNU Binutils for Ubuntu) 2.38) #74-Ubuntu SMP Wed Feb 22 14:14:39 UTC 2023 (Ubuntu 5.15.0-67.74-generic 5.15.85)
[    0.000000] Command line: BOOT_IMAGE=/boot/vmlinuz-5.15.0-67-generic root=LABEL=cloudimg-rootfs ro console=tty1 console=ttyS0
[    0.000000] KERNEL supported cpus:
[    0.000000]   Intel GenuineIntel
[    0.000000]   AMD AuthenticAMD
[    0.000000]   Hygon HygonGenuine
[    0.000000]   Centaur CentaurHauls
[    0.000000]   zhaoxin   Shanghai  
[    0.000000] x86/fpu: x87 FPU will use FXSAVE
[    0.000000] signal: max sigframe size: 1440
[    0.000000] BIOS-provided physical RAM map:
[    0.000000] BIOS-e820: [mem 0x0000000000000000-0x000000000009fbff] usable
[    0.000000] BIOS-e820: [mem 0x000000000009fc00-0x000000000009ffff] reserved
[    0.000000] BIOS-e820: [mem 0x00000000000f0000-0x00000000000fffff] reserved
[    0.000000] BIOS-e820: [mem 0x0000000000100000-0x00000000bffdcfff] usable
[    0.000000] BIOS-e820: [mem 0x00000000bffdd000-0x00000000bfffffff] reserved
[    0.000000] BIOS-e820: [mem 0x00000000fffc0000-0x00000000ffffffff] reserved
[    0.000000] BIOS-e820: [mem 0x0000000100000000-0x000000013fffffff] usable
[    0.000000] BIOS-e820: [mem 0x000000fd00000000-0x000000ffffffffff] reserved
[    0.000000] NX (Execute Disable) protection: active
[    0.000000] SMBIOS 2.8 present.
[    0.000000] DMI: QEMU Standard PC (i440FX + PIIX, 1996), BIOS rel-1.17.0-0-gb52ca86e094d-prebuilt.qemu.org 04/01/2014
[    0.000000] tsc: Fast TSC calibration using PIT
[    0.000000] tsc: Detected 999.997 MHz processor
[    0.009976] AGP: No AGP bridge found
[    0.010175] last_pfn = 0x140000 max_arch_pfn = 0x400000000
[    0.011175] x86/PAT: Configuration [0-7]: WB  WC  UC- UC  WB  WP  UC- WT  
[    0.011848] last_pfn = 0xbffdd max_arch_pfn = 0x400000000
[    0.030105] found SMP MP-table at [mem 0x000f54b0-0x000f54bf]
[    0.034739] RAMDISK: [mem 0x34257000-0x36122fff]
[    0.035110] ACPI: Early table checksum verification disabled
[    0.035656] ACPI: RSDP 0x00000000000F52B0 000014 (v00 BOCHS )
[    0.035905] ACPI: RSDT 0x00000000BFFE2445 000034 (v01 BOCHS  BXPC     00000001 BXPC 00000001)
[    0.036527] ACPI: FACP 0x00000000BFFE22E1 000074 (v01 BOCHS  BXPC     00000001 BXPC 00000001)
[    0.037201] ACPI: DSDT 0x00000000BFFE0040 0022A1 (v01 BOCHS  BXPC     00000001 BXPC 00000001)
[    0.037306] ACPI: FACS 0x00000000BFFE0000 000040
[    0.037370] ACPI: APIC 0x00000000BFFE2355 000090 (v03 BOCHS  BXPC     00000001 BXPC 00000001)
[    0.037405] ACPI: HPET 0x00000000BFFE23E5 000038 (v01 BOCHS  BXPC     00000001 BXPC 00000001)
[    0.037436] ACPI: WAET 0x00000000BFFE241D 000028 (v01 BOCHS  BXPC     00000001 BXPC 00000001)
[    0.037529] ACPI: Reserving FACP table memory at [mem 0xbffe22e1-0xbffe2354]
[    0.037554] ACPI: Reserving DSDT table memory at [mem 0xbffe0040-0xbffe22e0]
[    0.037564] ACPI: Reserving FACS table memory at [mem 0xbffe0000-0xbffe003f]
[    0.037573] ACPI: Reserving APIC table memory at [mem 0xbffe2355-0xbffe23e4]
[    0.037581] ACPI: Reserving HPET table memory at [mem 0xbffe23e5-0xbffe241c]
[    0.037589] ACPI: Reserving WAET table memory at [mem 0xbffe241d-0xbffe2444]
[    0.039656] No NUMA configuration found
[    0.039681] Faking a node at [mem 0x0000000000000000-0x000000013fffffff]
[    0.040233] NODE_DATA(0) allocated [mem 0x13ffd3000-0x13fffcfff]
[    0.044285] Zone ranges:
[    0.044321]   DMA      [mem 0x0000000000001000-0x0000000000ffffff]
[    0.044431]   DMA32    [mem 0x0000000001000000-0x00000000ffffffff]
[    0.044449]   Normal   [mem 0x0000000100000000-0x000000013fffffff]
[    0.044463]   Device   empty
[    0.044482] Movable zone start for each node
[    0.044514] Early memory node ranges
[    0.044541]   node   0: [mem 0x0000000000001000-0x000000000009efff]
[    0.044634]   node   0: [mem 0x0000000000100000-0x00000000bffdcfff]
[    0.044665]   node   0: [mem 0x0000000100000000-0x000000013fffffff]
[    0.044808] Initmem setup node 0 [mem 0x0000000000001000-0x000000013fffffff]
[    0.045515] On node 0, zone DMA: 1 pages in unavailable ranges
[    0.046007] On node 0, zone DMA: 97 pages in unavailable ranges
[    0.142297] On node 0, zone Normal: 35 pages in unavailable ranges
[    0.142800] ACPI: PM-Timer IO Port: 0x608
[    0.143199] ACPI: LAPIC_NMI (acpi_id[0xff] dfl dfl lint[0x1])
[    0.143558] IOAPIC[0]: apic_id 0, version 32, address 0xfec00000, GSI 0-23
[    0.143646] ACPI: INT_SRC_OVR (bus 0 bus_irq 0 global_irq 2 dfl dfl)
[    0.143867] ACPI: INT_SRC_OVR (bus 0 bus_irq 5 global_irq 5 high level)
[    0.143896] ACPI: INT_SRC_OVR (bus 0 bus_irq 9 global_irq 9 high level)
[    0.143977] ACPI: INT_SRC_OVR (bus 0 bus_irq 10 global_irq 10 high level)
[    0.143988] ACPI: INT_SRC_OVR (bus 0 bus_irq 11 global_irq 11 high level)
[    0.144127] ACPI: Using ACPI (MADT) for SMP configuration information
[    0.144164] ACPI: HPET id: 0x8086a201 base: 0xfed00000
[    0.144432] smpboot: Allowing 4 CPUs, 0 hotplug CPUs
[    0.145113] PM: hibernation: Registered nosave memory: [mem 0x00000000-0x00000fff]
[    0.145165] PM: hibernation: Registered nosave memory: [mem 0x0009f000-0x0009ffff]
[    0.145328] PM: hibernation: Registered nosave memory: [mem 0x000a0000-0x000effff]
[    0.145381] PM: hibernation: Registered nosave memory: [mem 0x000f0000-0x000fffff]
[    0.145394] PM: hibernation: Registered nosave memory: [mem 0xbffdd000-0xbfffffff]
[    0.145403] PM: hibernation: Registered nosave memory: [mem 0xc0000000-0xfffbffff]
[    0.145411] PM: hibernation: Registered nosave memory: [mem 0xfffc0000-0xffffffff]
[    0.145511] [mem 0xc0000000-0xfffbffff] available for PCI devices
[    0.145540] Booting paravirtualized kernel on bare hardware
[    0.145906] clocksource: refined-jiffies: mask: 0xffffffff max_cycles: 0xffffffff, max_idle_ns: 7645519600211568 ns
[    0.146343] setup_percpu: NR_CPUS:8192 nr_cpumask_bits:4 nr_cpu_ids:4 nr_node_ids:1
[    0.151970] percpu: Embedded 60 pages/cpu s208896 r8192 d28672 u524288
[    0.153772] Built 1 zonelists, mobility grouping on.  Total pages: 1031901
[    0.153795] Policy zone: Normal
[    0.153977] Kernel command line: BOOT_IMAGE=/boot/vmlinuz-5.15.0-67-generic root=LABEL=cloudimg-rootfs ro console=tty1 console=ttyS0
[    0.154741] Unknown kernel command line parameters "BOOT_IMAGE=/boot/vmlinuz-5.15.0-67-generic", will be passed to user space.
[    0.162725] Dentry cache hash table entries: 524288 (order: 10, 4194304 bytes, linear)
[    0.165226] Inode-cache hash table entries: 262144 (order: 9, 2097152 bytes, linear)
[    0.166779] mem auto-init: stack:off, heap alloc:on, heap free:off
[    0.380234] AGP: Checking aperture...
[    0.381557] AGP: No AGP bridge found
[    0.402862] Memory: 3977044K/4193772K available (16393K kernel code, 4379K rwdata, 10820K rodata, 3240K init, 6556K bss, 216468K reserved, 0K cma-reserved)
[    0.408361] SLUB: HWalign=64, Order=0-3, MinObjects=0, CPUs=4, Nodes=1
[    0.409412] ftrace: allocating 50555 entries in 198 pages
[    0.479963] ftrace: allocated 198 pages with 4 groups
[    0.487280] rcu: Hierarchical RCU implementation.
[    0.487340] rcu: 	RCU restricting CPUs from NR_CPUS=8192 to nr_cpu_ids=4.
[    0.487436] 	Rude variant of Tasks RCU enabled.
[    0.487460] 	Tracing variant of Tasks RCU enabled.
[    0.487574] rcu: RCU calculated value of scheduler-enlistment delay is 25 jiffies.
[    0.487600] rcu: Adjusting geometry for rcu_fanout_leaf=16, nr_cpu_ids=4
[    0.511710] NR_IRQS: 524544, nr_irqs: 456, preallocated irqs: 16
[    0.520704] Console: colour VGA+ 80x25
[    0.524393] printk: console [tty1] enabled
[    0.543609] printk: console [ttyS0] enabled
[    0.545000] ACPI: Core revision 20210730
[    0.549354] clocksource: hpet: mask: 0xffffffff max_cycles: 0xffffffff, max_idle_ns: 19112604467 ns
[    0.552797] APIC: Switch to symmetric I/O mode setup
[    0.556682] ..TIMER: vector=0x30 apic1=0 pin1=2 apic2=-1 pin2=-1
[    0.576194] tsc: Marking TSC unstable due to TSCs unsynchronized
[    0.576873] Calibrating delay loop (skipped), value calculated using timer frequency.. 1999.99 BogoMIPS (lpj=3999988)
[    0.577361] pid_max: default: 32768 minimum: 301
[    0.578185] LSM: Security Framework initializing
[    0.580665] landlock: Up and running.
[    0.580832] Yama: becoming mindful.
[    0.582516] AppArmor: AppArmor initialized
[    0.584545] Mount-cache hash table entries: 8192 (order: 4, 65536 bytes, linear)
[    0.584545] Mountpoint-cache hash table entries: 8192 (order: 4, 65536 bytes, linear)
[    0.600215] process: using AMD E400 aware idle routine
[    0.600545] Last level iTLB entries: 4KB 512, 2MB 255, 4MB 127
[    0.600545] Last level dTLB entries: 4KB 512, 2MB 255, 4MB 127, 1GB 0
[    0.600545] Spectre V1 : Mitigation: usercopy/swapgs barriers and __user pointer sanitization
[    0.600641] Spectre V2 : Mitigation: Retpolines
[    0.600791] Spectre V2 : Spectre v2 / SpectreRSB mitigation: Filling RSB on context switch
[    0.601036] Spectre V2 : Spectre v2 / SpectreRSB : Filling RSB on VMEXIT
[    0.720068] Freeing SMP alternatives memory: 44K
[    0.840198] smpboot: CPU0: AMD QEMU Virtual CPU version 2.5+ (family: 0xf, model: 0x6b, stepping: 0x1)
[    0.841681] Performance Events: PMU not available due to virtualization, using software events only.
[    0.843653] rcu: Hierarchical SRCU implementation.
[    0.848444] NMI watchdog: Perf NMI watchdog permanently disabled
[    0.851256] smp: Bringing up secondary CPUs ...
[    0.855168] x86: Booting SMP configuration:
[    0.855354] .... node  #0, CPUs:      #1
[    0.036221] calibrate_delay_direct() dropping max bogoMips estimate 1 = 4394000
[    0.036221] calibrate_delay_direct() dropping max bogoMips estimate 4 = 4259500
[    0.942114]  #2
[    0.036221] calibrate_delay_direct() dropping max bogoMips estimate 2 = 4402000
[    1.021491]  #3
[    0.036221] calibrate_delay_direct() dropping min bogoMips estimate 4 = 3678000
[    0.036221] calibrate_delay_direct() dropping min bogoMips estimate 0 = 3739500
[    1.101959] smp: Brought up 1 node, 4 CPUs
[    1.102170] smpboot: Max logical packages: 1
[    1.102345] smpboot: Total of 4 processors activated (8023.41 BogoMIPS)
[    1.114082] devtmpfs: initialized
[    1.118490] x86/mm: Memory block size: 128MB
[    1.122668] clocksource: jiffies: mask: 0xffffffff max_cycles: 0xffffffff, max_idle_ns: 7645041785100000 ns
[    1.122668] futex hash table entries: 1024 (order: 4, 65536 bytes, linear)
[    1.125976] pinctrl core: initialized pinctrl subsystem
[    1.131324] PM: RTC time: 15:59:02, date: 2026-04-28
[    1.137743] NET: Registered PF_NETLINK/PF_ROUTE protocol family
[    1.140703] DMA: preallocated 512 KiB GFP_KERNEL pool for atomic allocations
[    1.141244] DMA: preallocated 512 KiB GFP_KERNEL|GFP_DMA pool for atomic allocations
[    1.141952] DMA: preallocated 512 KiB GFP_KERNEL|GFP_DMA32 pool for atomic allocations
[    1.142473] audit: initializing netlink subsys (disabled)
[    1.142872] audit: type=2000 audit(1777391942.592:1): state=initialized audit_enabled=0 res=1
[    1.147336] thermal_sys: Registered thermal governor 'fair_share'
[    1.147359] thermal_sys: Registered thermal governor 'bang_bang'
[    1.147563] thermal_sys: Registered thermal governor 'step_wise'
[    1.147746] thermal_sys: Registered thermal governor 'user_space'
[    1.147927] thermal_sys: Registered thermal governor 'power_allocator'
[    1.148185] EISA bus registered
[    1.148545] cpuidle: using governor ladder
[    1.148545] cpuidle: using governor menu
[    1.149019] ACPI: bus type PCI registered
[    1.149476] acpiphp: ACPI Hot Plug PCI Controller Driver version: 0.5
[    1.151654] PCI: Using configuration type 1 for base access
[    1.153894] mtrr: your CPUs had inconsistent fixed MTRR settings
[    1.154078] mtrr: your CPUs had inconsistent variable MTRR settings
[    1.154311] mtrr: your CPUs had inconsistent MTRRdefType settings
[    1.154486] mtrr: probably your BIOS does not setup all CPUs.
[    1.154649] mtrr: corrected configuration.
[    1.164971] Kprobes globally optimized
[    1.165300] HugeTLB registered 2.00 MiB page size, pre-allocated 0 pages
[    1.185858] ACPI: Added _OSI(Module Device)
[    1.186083] ACPI: Added _OSI(Processor Device)
[    1.186218] ACPI: Added _OSI(3.0 _SCP Extensions)
[    1.186353] ACPI: Added _OSI(Processor Aggregator Device)
[    1.186545] ACPI: Added _OSI(Linux-Dell-Video)
[    1.186683] ACPI: Added _OSI(Linux-Lenovo-NV-HDMI-Audio)
[    1.186843] ACPI: Added _OSI(Linux-HPI-Hybrid-Graphics)
[    1.203675] ACPI: 1 ACPI AML tables successfully acquired and loaded
[    1.212261] ACPI: Interpreter enabled
[    1.213394] ACPI: PM: (supports S0 S3 S4 S5)
[    1.213550] ACPI: Using IOAPIC for interrupt routing
[    1.214079] PCI: Using host bridge windows from ACPI; if necessary, use "pci=nocrs" and report a bug
[    1.214356] PCI: Using E820 reservations for host bridge windows
[    1.215701] ACPI: Enabled 2 GPEs in block 00 to 0F
[    1.244834] ACPI: PCI Root Bridge [PCI0] (domain 0000 [bus 00-ff])
[    1.245652] acpi PNP0A03:00: _OSC: OS supports [ASPM ClockPM Segments MSI EDR HPX-Type3]
[    1.246544] acpi PNP0A03:00: fail to add MMCONFIG information, can't access extended PCI configuration space under this bridge.
[    1.250995] acpiphp: Slot [3] registered
[    1.251259] acpiphp: Slot [4] registered
[    1.251482] acpiphp: Slot [5] registered
[    1.251677] acpiphp: Slot [6] registered
[    1.251855] acpiphp: Slot [7] registered
[    1.252031] acpiphp: Slot [8] registered
[    1.252224] acpiphp: Slot [9] registered
[    1.252614] acpiphp: Slot [10] registered
[    1.252817] acpiphp: Slot [11] registered
[    1.252995] acpiphp: Slot [12] registered
[    1.253177] acpiphp: Slot [13] registered
[    1.253354] acpiphp: Slot [14] registered
[    1.253546] acpiphp: Slot [15] registered
[    1.253740] acpiphp: Slot [16] registered
[    1.253932] acpiphp: Slot [17] registered
[    1.254109] acpiphp: Slot [18] registered
[    1.254285] acpiphp: Slot [19] registered
[    1.254459] acpiphp: Slot [20] registered
[    1.254639] acpiphp: Slot [21] registered
[    1.254829] acpiphp: Slot [22] registered
[    1.255003] acpiphp: Slot [23] registered
[    1.255177] acpiphp: Slot [24] registered
[    1.255352] acpiphp: Slot [25] registered
[    1.255528] acpiphp: Slot [26] registered
[    1.255703] acpiphp: Slot [27] registered
[    1.255877] acpiphp: Slot [28] registered
[    1.256065] acpiphp: Slot [29] registered
[    1.256250] acpiphp: Slot [30] registered
[    1.256487] acpiphp: Slot [31] registered
[    1.256545] PCI host bridge to bus 0000:00
[    1.256545] pci_bus 0000:00: root bus resource [bus 00-ff]
[    1.256594] pci_bus 0000:00: root bus resource [io  0x0000-0x0cf7 window]
[    1.256884] pci_bus 0000:00: root bus resource [io  0x0d00-0xffff window]
[    1.257110] pci_bus 0000:00: root bus resource [mem 0x000a0000-0x000bffff window]
[    1.257358] pci_bus 0000:00: root bus resource [mem 0xc0000000-0xfebfffff window]
[    1.257570] pci_bus 0000:00: root bus resource [mem 0xc000000000-0xc07fffffff window]
[    1.259381] pci 0000:00:00.0: [8086:1237] type 00 class 0x060000
[    1.263470] pci 0000:00:01.0: [8086:7000] type 00 class 0x060100
[    1.264908] pci 0000:00:01.1: [8086:7010] type 00 class 0x010180
[    1.266976] pci 0000:00:01.1: reg 0x20: [io  0xc0a0-0xc0af]
[    1.268043] pci 0000:00:01.1: legacy IDE quirk: reg 0x10: [io  0x01f0-0x01f7]
[    1.268575] pci 0000:00:01.1: legacy IDE quirk: reg 0x14: [io  0x03f6]
[    1.268782] pci 0000:00:01.1: legacy IDE quirk: reg 0x18: [io  0x0170-0x0177]
[    1.268994] pci 0000:00:01.1: legacy IDE quirk: reg 0x1c: [io  0x0376]
[    1.270374] pci 0000:00:01.3: [8086:7113] type 00 class 0x068000
[    1.270825] pci 0000:00:01.3: quirk: [io  0x0600-0x063f] claimed by PIIX4 ACPI
[    1.271051] pci 0000:00:01.3: quirk: [io  0x0700-0x070f] claimed by PIIX4 SMB
[    1.272678] pci 0000:00:02.0: [1234:1111] type 00 class 0x030000
[    1.273530] pci 0000:00:02.0: reg 0x10: [mem 0xfd000000-0xfdffffff pref]
[    1.275025] pci 0000:00:02.0: reg 0x18: [mem 0xfebd0000-0xfebd0fff]
[    1.276855] pci 0000:00:02.0: reg 0x30: [mem 0xfebc0000-0xfebcffff pref]
[    1.277352] pci 0000:00:02.0: Video device with shadowed ROM at [mem 0x000c0000-0x000dffff]
[    1.278847] pci 0000:00:03.0: [1af4:1000] type 00 class 0x020000
[    1.279770] pci 0000:00:03.0: reg 0x10: [io  0xc080-0xc09f]
[    1.281282] pci 0000:00:03.0: reg 0x14: [mem 0xfebd1000-0xfebd1fff]
[    1.285427] pci 0000:00:03.0: reg 0x20: [mem 0xc000000000-0xc000003fff 64bit pref]
[    1.286561] pci 0000:00:03.0: reg 0x30: [mem 0xfeb80000-0xfebbffff pref]
[    1.293433] pci 0000:00:04.0: [1af4:1001] type 00 class 0x010000
[    1.294489] pci 0000:00:04.0: reg 0x10: [io  0xc000-0xc07f]
[    1.295431] pci 0000:00:04.0: reg 0x14: [mem 0xfebd2000-0xfebd2fff]
[    1.297641] pci 0000:00:04.0: reg 0x20: [mem 0xc000004000-0xc000007fff 64bit pref]
[    1.307543] ACPI: PCI: Interrupt link LNKA configured for IRQ 10
[    1.308621] ACPI: PCI: Interrupt link LNKB configured for IRQ 10
[    1.309623] ACPI: PCI: Interrupt link LNKC configured for IRQ 11
[    1.310518] ACPI: PCI: Interrupt link LNKD configured for IRQ 11
[    1.310907] ACPI: PCI: Interrupt link LNKS configured for IRQ 9
[    1.314779] iommu: Default domain type: Translated 
[    1.314779] iommu: DMA domain TLB invalidation policy: lazy mode 
[    1.318276] SCSI subsystem initialized
[    1.318587] pci 0000:00:02.0: vgaarb: setting as boot VGA device
[    1.318587] pci 0000:00:02.0: vgaarb: VGA device added: decodes=io+mem,owns=io+mem,locks=none
[    1.320615] pci 0000:00:02.0: vgaarb: bridge control possible
[    1.320868] vgaarb: loaded
[    1.321521] ACPI: bus type USB registered
[    1.321881] usbcore: registered new interface driver usbfs
[    1.322212] usbcore: registered new interface driver hub
[    1.322448] usbcore: registered new device driver usb
[    1.322817] pps_core: LinuxPPS API ver. 1 registered
[    1.322966] pps_core: Software ver. 5.3.6 - Copyright 2005-2007 Rodolfo Giometti <giometti@linux.it>
[    1.323363] PTP clock support registered
[    1.323696] EDAC MC: Ver: 3.0.0
[    1.331495] NetLabel: Initializing
[    1.331681] NetLabel:  domain hash size = 128
[    1.331821] NetLabel:  protocols = UNLABELED CIPSOv4 CALIPSO
[    1.332814] NetLabel:  unlabeled traffic allowed by default
[    1.333187] PCI: Using ACPI for IRQ routing
[    1.334027] hpet: 3 channels of 0 reserved for per-cpu timers
[    1.334027] hpet0: at MMIO 0xfed00000, IRQs 2, 8, 0
[    1.334027] hpet0: 3 comparators, 64-bit 100.000000 MHz counter
[    1.339388] clocksource: Switched to clocksource hpet
[    1.398050] VFS: Disk quotas dquot_6.6.0
[    1.398455] VFS: Dquot-cache hash table entries: 512 (order 0, 4096 bytes)
[    1.401116] AppArmor: AppArmor Filesystem Enabled
[    1.401439] pnp: PnP ACPI init
[    1.406145] pnp: PnP ACPI: found 6 devices
[    1.424586] clocksource: acpi_pm: mask: 0xffffff max_cycles: 0xffffff, max_idle_ns: 2085701024 ns
[    1.425483] NET: Registered PF_INET protocol family
[    1.426770] IP idents hash table entries: 65536 (order: 7, 524288 bytes, linear)
[    1.433124] tcp_listen_portaddr_hash hash table entries: 2048 (order: 3, 32768 bytes, linear)
[    1.433799] Table-perturb hash table entries: 65536 (order: 6, 262144 bytes, linear)
[    1.434146] TCP established hash table entries: 32768 (order: 6, 262144 bytes, linear)
[    1.434722] TCP bind hash table entries: 32768 (order: 7, 524288 bytes, linear)
[    1.435115] TCP: Hash tables configured (established 32768 bind 32768)
[    1.436513] MPTCP token hash table entries: 4096 (order: 4, 98304 bytes, linear)
[    1.436942] UDP hash table entries: 2048 (order: 4, 65536 bytes, linear)
[    1.437302] UDP-Lite hash table entries: 2048 (order: 4, 65536 bytes, linear)
[    1.439132] NET: Registered PF_UNIX/PF_LOCAL protocol family
[    1.439569] NET: Registered PF_XDP protocol family
[    1.440334] pci_bus 0000:00: resource 4 [io  0x0000-0x0cf7 window]
[    1.440535] pci_bus 0000:00: resource 5 [io  0x0d00-0xffff window]
[    1.440712] pci_bus 0000:00: resource 6 [mem 0x000a0000-0x000bffff window]
[    1.440928] pci_bus 0000:00: resource 7 [mem 0xc0000000-0xfebfffff window]
[    1.441118] pci_bus 0000:00: resource 8 [mem 0xc000000000-0xc07fffffff window]
[    1.441885] pci 0000:00:01.0: PIIX3: Enabling Passive Release
[    1.442192] pci 0000:00:00.0: Limiting direct PCI/PCI transfers
[    1.442428] pci 0000:00:01.0: Activating ISA DMA hang workarounds
[    1.442659] PCI: CLS 0 bytes, default 64
[    1.443107] PCI-DMA: Using software bounce buffering for IO (SWIOTLB)
[    1.443328] software IO TLB: mapped [mem 0x00000000bbfdd000-0x00000000bffdd000] (64MB)
[    1.445892] Trying to unpack rootfs image as initramfs...
[    1.447010] Initialise system trusted keyrings
[    1.448632] Key type blacklist registered
[    1.449594] workingset: timestamp_bits=36 max_order=20 bucket_order=0
[    1.457058] zbud: loaded
[    1.459599] squashfs: version 4.0 (2009/01/31) Phillip Lougher
[    1.461193] fuse: init (API version 7.34)
[    1.464395] integrity: Platform Keyring initialized
[    1.478427] jitterentropy: Initialization failed with host not compliant with requirements: 2
[    1.478804] Key type asymmetric registered
[    1.479019] Asymmetric key parser 'x509' registered
[    1.479451] Block layer SCSI generic (bsg) driver version 0.4 loaded (major 243)
[    1.480821] io scheduler mq-deadline registered
[    1.483130] shpchp: Standard Hot Plug PCI Controller Driver version: 0.4
[    1.486135] input: Power Button as /devices/LNXSYSTM:00/LNXPWRBN:00/input/input0
[    1.489095] ACPI: button: Power Button [PWRF]
[    1.502137] ACPI: \_SB_.LNKC: Enabled at IRQ 11
[    1.511131] ACPI: \_SB_.LNKD: Enabled at IRQ 10
[    1.512707] Serial: 8250/16550 driver, 32 ports, IRQ sharing enabled
[    1.536188] 00:04: ttyS0 at I/O 0x3f8 (irq = 4, base_baud = 115200) is a 16550A
[    1.549830] Linux agpgart interface v0.103
[    1.567250] loop: module loaded
[    1.575068] scsi host0: ata_piix
[    1.577337] scsi host1: ata_piix
[    1.577892] ata1: PATA max MWDMA2 cmd 0x1f0 ctl 0x3f6 bmdma 0xc0a0 irq 14
[    1.578222] ata2: PATA max MWDMA2 cmd 0x170 ctl 0x376 bmdma 0xc0a8 irq 15
[    1.580487] tun: Universal TUN/TAP device driver, 1.6
[    1.582140] PPP generic driver version 2.4.2
[    1.583014] VFIO - User Level meta-driver version: 0.3
[    1.584354] ehci_hcd: USB 2.0 'Enhanced' Host Controller (EHCI) Driver
[    1.584739] ehci-pci: EHCI PCI platform driver
[    1.585135] ehci-platform: EHCI generic platform driver
[    1.585364] ohci_hcd: USB 1.1 'Open' Host Controller (OHCI) Driver
[    1.585620] ohci-pci: OHCI PCI platform driver
[    1.585915] ohci-platform: OHCI generic platform driver
[    1.586163] uhci_hcd: USB Universal Host Controller Interface driver
[    1.587167] i8042: PNP: PS/2 Controller [PNP0303:KBD,PNP0f13:MOU] at 0x60,0x64 irq 1,12
[    1.589045] serio: i8042 KBD port at 0x60,0x64 irq 1
[    1.589045] serio: i8042 AUX port at 0x60,0x64 irq 12
[    1.591634] mousedev: PS/2 mouse device common for all mice
[    1.593743] rtc_cmos 00:05: RTC can wake from S4
[    1.594362] input: AT Translated Set 2 keyboard as /devices/platform/i8042/serio0/input/input1
[    1.596589] rtc_cmos 00:05: registered as rtc0
[    1.597244] rtc_cmos 00:05: setting system clock to 2026-04-28T15:59:03 UTC (1777391943)
[    1.598360] rtc_cmos 00:05: alarms up to one day, y3k, 242 bytes nvram, hpet irqs
[    1.598715] i2c_dev: i2c /dev entries driver
[    1.599173] device-mapper: core: CONFIG_IMA_DISABLE_HTABLE is disabled. Duplicate IMA measurements will not be recorded in the IMA log.
[    1.599776] device-mapper: uevent: version 1.0.3
[    1.600549] device-mapper: ioctl: 4.45.0-ioctl (2021-03-22) initialised: dm-devel@redhat.com
[    1.600998] platform eisa.0: Probing EISA bus 0
[    1.601272] platform eisa.0: EISA: Cannot allocate resource for mainboard
[    1.601530] platform eisa.0: Cannot allocate resource for EISA slot 1
[    1.601885] platform eisa.0: Cannot allocate resource for EISA slot 2
[    1.602101] platform eisa.0: Cannot allocate resource for EISA slot 3
[    1.602325] platform eisa.0: Cannot allocate resource for EISA slot 4
[    1.602527] platform eisa.0: Cannot allocate resource for EISA slot 5
[    1.602731] platform eisa.0: Cannot allocate resource for EISA slot 6
[    1.602926] platform eisa.0: Cannot allocate resource for EISA slot 7
[    1.603120] platform eisa.0: Cannot allocate resource for EISA slot 8
[    1.603327] platform eisa.0: EISA: Detected 0 cards
[    1.604383] ledtrig-cpu: registered to indicate activity on CPUs
[    1.605700] drop_monitor: Initializing network drop monitor service
[    1.607170] NET: Registered PF_INET6 protocol family
[    1.746110] ata2.00: ATAPI: QEMU DVD-ROM, 2.5+, max UDMA/100
[    1.762723] scsi 1:0:0:0: CD-ROM            QEMU     QEMU DVD-ROM     2.5+ PQ: 0 ANSI: 5
[    1.812251] sr 1:0:0:0: [sr0] scsi3-mmc drive: 4x/4x cd/rw xa/form2 tray
[    1.812943] cdrom: Uniform CD-ROM driver Revision: 3.20
[    1.849092] sr 1:0:0:0: Attached scsi generic sg0 type 5
[    2.329303] Freeing initrd memory: 31536K
[    2.423529] Segment Routing with IPv6
[    2.424011] In-situ OAM (IOAM) with IPv6
[    2.424461] NET: Registered PF_PACKET protocol family
[    2.425082] Key type dns_resolver registered
[    2.427542] IPI shorthand broadcast: enabled
[    2.428841] registered taskstats version 1
[    2.429455] Loading compiled-in X.509 certificates
[    2.436891] Loaded X.509 cert 'Build time autogenerated kernel key: 4919d01b97f8f8ece5362917619ef42f1d265e85'
[    2.438649] Loaded X.509 cert 'Canonical Ltd. Live Patch Signing: 14df34d1a87cf37625abec039ef2bf521249b969'
[    2.439893] Loaded X.509 cert 'Canonical Ltd. Kernel Module Signing: 88f752e560a1e0737e31163a466ad7b70a850c19'
[    2.440223] blacklist: Loading compiled-in revocation X.509 certificates
[    2.441187] Loaded X.509 cert 'Canonical Ltd. Secure Boot Signing: 61482aa2830d0ab2ad5af10b7250da9033ddcef0'
[    2.441443] Loaded X.509 cert 'Canonical Ltd. Secure Boot Signing (2017): 242ade75ac4a15e50d50c84b0d45ff3eae707a03'
[    2.442151] Loaded X.509 cert 'Canonical Ltd. Secure Boot Signing (ESM 2018): 365188c1d374d6b07c3c8f240f8ef722433d6a8b'
[    2.442545] Loaded X.509 cert 'Canonical Ltd. Secure Boot Signing (2019): c0746fd6c5da3ae827864651ad66ae47fe24b3e8'
[    2.442884] Loaded X.509 cert 'Canonical Ltd. Secure Boot Signing (2021 v1): a8d54bbb3825cfb94fa13c9f8a594a195c107b8d'
[    2.443252] Loaded X.509 cert 'Canonical Ltd. Secure Boot Signing (2021 v2): 4cf046892d6fd3c9a5b03f98d845f90851dc6a8c'
[    2.443603] Loaded X.509 cert 'Canonical Ltd. Secure Boot Signing (2021 v3): 100437bb6de6e469b581e61cd66bce3ef4ed53af'
[    2.443937] Loaded X.509 cert 'Canonical Ltd. Secure Boot Signing (Ubuntu Core 2019): c1d57b8f6b743f23ee41f4f7ee292f06eecadfb9'
[    2.445498] zswap: loaded using pool lzo/zbud
[    2.448472] Key type .fscrypt registered
[    2.448689] Key type fscrypt-provisioning registered
[    2.470793] Key type encrypted registered
[    2.471073] AppArmor: AppArmor sha1 policy hashing enabled
[    2.471512] ima: No TPM chip found, activating TPM-bypass!
[    2.471877] Loading compiled-in module X.509 certificates
[    2.473132] Loaded X.509 cert 'Build time autogenerated kernel key: 4919d01b97f8f8ece5362917619ef42f1d265e85'
[    2.473465] ima: Allocated hash algorithm: sha1
[    2.474948] ima: No architecture policies found
[    2.475455] evm: Initialising EVM extended attributes:
[    2.475618] evm: security.selinux
[    2.475729] evm: security.SMACK64
[    2.475829] evm: security.SMACK64EXEC
[    2.475936] evm: security.SMACK64TRANSMUTE
[    2.476060] evm: security.SMACK64MMAP
[    2.476172] evm: security.apparmor
[    2.476282] evm: security.ima
[    2.476377] evm: security.capability
[    2.476493] evm: HMAC attrs: 0x1
[    2.478569] PM:   Magic number: 6:127:994
[    2.478898] memory memory37: hash matches
[    2.481997] powernow_k8: Power state transitions not supported
[    2.482508] powernow_k8: Power state transitions not supported
[    2.482809] powernow_k8: Power state transitions not supported
[    2.483135] powernow_k8: Power state transitions not supported
[    2.484066] RAS: Correctable Errors collector initialized.
[    2.486134] Unstable clock detected, switching default tracing clock to "global"
[    2.486134] If you want to keep using the local clock, then add:
[    2.486134]   "trace_clock=local"
[    2.486134] on the kernel command line
[    2.496395] Freeing unused decrypted memory: 2036K
[    2.588913] Freeing unused kernel image (initmem) memory: 3240K
[    2.610184] Write protecting the kernel read-only data: 30720k
[    2.612447] Freeing unused kernel image (text/rodata gap) memory: 2036K
[    2.613885] Freeing unused kernel image (rodata/data gap) memory: 1468K
[    2.714003] x86/mm: Checked W+X mappings: passed, no W+X pages found.
[    2.714705] Run /init as init process
Loading, please wait...
Starting version 249.11-0ubuntu3.7
[    3.195741] Floppy drive(s): fd0 is 2.88M AMI BIOS
[    3.201283] virtio_blk virtio1: [vda] 104857600 512-byte logical blocks (53.7 GB/50.0 GiB)
[    3.215277] FDC 0 is a S82078B
[    3.218360]  vda: vda1 vda14 vda15
[    3.337680] virtio_net virtio0 ens3: renamed from eth0
[    4.064714] input: ImExPS/2 Generic Explorer Mouse as /devices/platform/i8042/serio1/input/input3
Begin: Loading essential drivers ... [    5.041858] raid6: sse2x4   gen()  4551 MB/s
[    5.109331] raid6: sse2x4   xor()  2659 MB/s
[    5.178038] raid6: sse2x2   gen()  4241 MB/s
[    5.245406] raid6: sse2x2   xor()  2343 MB/s
[    5.313531] raid6: sse2x1   gen()  3468 MB/s
[    5.382174] raid6: sse2x1   xor()  1630 MB/s
[    5.382546] raid6: using algorithm sse2x4 gen() 4551 MB/s
[    5.382921] raid6: .... xor() 2659 MB/s, rmw enabled
[    5.383269] raid6: using intx1 recovery algorithm
[    5.386694] xor: measuring software checksum speed
[    5.389053]    prefetch64-sse  :  5234 MB/sec
[    5.391348]    generic_sse     :  5830 MB/sec
[    5.391516] xor: using function: generic_sse (5830 MB/sec)
[    5.394631] async_tx: api initialized (async)
done.
Begin: Running /scripts/init-premount ... done.
Begin: Mounting root file system ... Begin: Running /scripts/local-top ... done.
Begin: Running /scripts/local-premount ... [    5.662616] Btrfs loaded, crc32c=crc32c-generic, zoned=yes, fsverity=yes
Scanning for Btrfs filesystems
[    5.765873] floppy0: disk absent or changed during operation
[    5.766488] blk_update_request: I/O error, dev fd0, sector 0 op 0x0:(READ) flags 0x80700 phys_seg 1 prio class 0
[    5.767434] floppy0: disk absent or changed during operation
[    5.767690] blk_update_request: I/O error, dev fd0, sector 0 op 0x0:(READ) flags 0x0 phys_seg 1 prio class 0
[    5.768118] Buffer I/O error on dev fd0, logical block 0, async page read
done.
Warning: fsck not present, so skipping root file system
[    5.879542] EXT4-fs (vda1): INFO: recovery required on readonly filesystem
[    5.879900] EXT4-fs (vda1): write access will be enabled during recovery
[    6.030633] EXT4-fs (vda1): orphan cleanup on readonly fs
[    6.037029] EXT4-fs (vda1): 1 orphan inode deleted
[    6.037243] EXT4-fs (vda1): recovery complete
[    6.042851] EXT4-fs (vda1): mounted filesystem with ordered data mode. Opts: (null). Quota mode: none.
done.
Begin: Running /scripts/local-bottom ... done.
Begin: Running /scripts/init-bottom ... done.
[    6.478688] systemd[1]: Inserted module 'autofs4'
[    6.537548] systemd[1]: systemd 249.11-0ubuntu3.7 running in system mode (+PAM +AUDIT +SELINUX +APPARMOR +IMA +SMACK +SECCOMP +GCRYPT +GNUTLS +OPENSSL +ACL +BLKID +CURL +ELFUTILS +FIDO2 +IDN2 -IDN +IPTC +KMOD +LIBCRYPTSETUP +LIBFDISK +PCRE2 -PWQUALITY -P11KIT -QRENCODE +BZIP2 +LZ4 +XZ +ZLIB +ZSTD -XKBCOMMON +UTMP +SYSVINIT default-hierarchy=unified)
[    6.539847] systemd[1]: Detected virtualization qemu.
[    6.540307] systemd[1]: Detected architecture x86-64.

Welcome to [1mUbuntu 22.04.2 LTS[0m!

[    6.552576] systemd[1]: Hostname set to <ik2221>.
[    6.830940] random: lvmconfig: uninitialized urandom read (4 bytes read)
[    6.940902] floppy0: disk absent or changed during operation
[    6.941224] blk_update_request: I/O error, dev fd0, sector 0 op 0x0:(READ) flags 0x80700 phys_seg 1 prio class 0
[    6.941728] floppy0: disk absent or changed during operation
[    6.941929] blk_update_request: I/O error, dev fd0, sector 0 op 0x0:(READ) flags 0x0 phys_seg 1 prio class 0
[    6.942440] Buffer I/O error on dev fd0, logical block 0, async page read
[    7.584006] systemd[1]: Queued start job for default target Graphical Interface.
[    7.590000] random: systemd: uninitialized urandom read (16 bytes read)
[    7.631466] systemd[1]: Created slice Slice /system/modprobe.
[[0;32m  OK  [0m] Created slice [0;1;39mSlice /system/modprobe[0m.
[    7.634405] random: systemd: uninitialized urandom read (16 bytes read)
[    7.637507] systemd[1]: Created slice Slice /system/serial-getty.
[[0;32m  OK  [0m] Created slice [0;1;39mSlice /system/serial-getty[0m.
[    7.641409] systemd[1]: Created slice Slice /system/systemd-fsck.
[[0;32m  OK  [0m] Created slice [0;1;39mSlice /system/systemd-fsck[0m.
[    7.644759] systemd[1]: Created slice User and Session Slice.
[[0;32m  OK  [0m] Created slice [0;1;39mUser and Session Slice[0m.
[    7.647295] systemd[1]: Started Forward Password Requests to Wall Directory Watch.
[[0;32m  OK  [0m] Started [0;1;39mForward Password R…uests to Wall Directory Watch[0m.
[    7.652119] systemd[1]: Set up automount Arbitrary Executable File Formats File System Automount Point.
[[0;32m  OK  [0m] Set up automount [0;1;39mArbitrary…s File System Automount Point[0m.
[    7.654972] systemd[1]: Reached target Slice Units.
[[0;32m  OK  [0m] Reached target [0;1;39mSlice Units[0m.
[    7.655724] systemd[1]: Reached target Mounting snaps.
[[0;32m  OK  [0m] Reached target [0;1;39mMounting snaps[0m.
[    7.656370] systemd[1]: Reached target Swaps.
[[0;32m  OK  [0m] Reached target [0;1;39mSwaps[0m.
[    7.657009] systemd[1]: Reached target System Time Set.
[[0;32m  OK  [0m] Reached target [0;1;39mSystem Time Set[0m.
[    7.657940] systemd[1]: Reached target Local Verity Protected Volumes.
[[0;32m  OK  [0m] Reached target [0;1;39mLocal Verity Protected Volumes[0m.
[    7.660504] systemd[1]: Listening on Device-mapper event daemon FIFOs.
[[0;32m  OK  [0m] Listening on [0;1;39mDevice-mapper event daemon FIFOs[0m.
[    7.663181] systemd[1]: Listening on LVM2 poll daemon socket.
[[0;32m  OK  [0m] Listening on [0;1;39mLVM2 poll daemon socket[0m.
[    7.664885] systemd[1]: Listening on multipathd control socket.
[[0;32m  OK  [0m] Listening on [0;1;39mmultipathd control socket[0m.
[    7.690636] systemd[1]: Listening on RPCbind Server Activation Socket.
[[0;32m  OK  [0m] Listening on [0;1;39mRPCbind Server Activation Socket[0m.
[    7.693199] systemd[1]: Listening on Syslog Socket.
[[0;32m  OK  [0m] Listening on [0;1;39mSyslog Socket[0m.
[    7.695327] systemd[1]: Listening on fsck to fsckd communication Socket.
[[0;32m  OK  [0m] Listening on [0;1;39mfsck to fsckd communication Socket[0m.
[    7.696552] systemd[1]: Listening on initctl Compatibility Named Pipe.
[[0;32m  OK  [0m] Listening on [0;1;39minitctl Compatibility Named Pipe[0m.
[    7.699491] systemd[1]: Listening on Journal Audit Socket.
[[0;32m  OK  [0m] Listening on [0;1;39mJournal Audit Socket[0m.
[    7.701068] systemd[1]: Listening on Journal Socket (/dev/log).
[[0;32m  OK  [0m] Listening on [0;1;39mJournal Socket (/dev/log)[0m.
[    7.702818] systemd[1]: Listening on Journal Socket.
[[0;32m  OK  [0m] Listening on [0;1;39mJournal Socket[0m.
[    7.704341] systemd[1]: Listening on Network Service Netlink Socket.
[[0;32m  OK  [0m] Listening on [0;1;39mNetwork Service Netlink Socket[0m.
[    7.705939] systemd[1]: Listening on udev Control Socket.
[[0;32m  OK  [0m] Listening on [0;1;39mudev Control Socket[0m.
[    7.707094] systemd[1]: Listening on udev Kernel Socket.
[[0;32m  OK  [0m] Listening on [0;1;39mudev Kernel Socket[0m.
[    7.715457] systemd[1]: Mounting Huge Pages File System...
         Mounting [0;1;39mHuge Pages File System[0m...
[    7.723397] systemd[1]: Mounting POSIX Message Queue File System...
         Mounting [0;1;39mPOSIX Message Queue File System[0m...
[    7.731754] systemd[1]: Mounting Kernel Debug File System...
         Mounting [0;1;39mKernel Debug File System[0m...
[    7.740503] systemd[1]: Mounting Kernel Trace File System...
         Mounting [0;1;39mKernel Trace File System[0m...
[    7.762147] systemd[1]: Starting Journal Service...
         Starting [0;1;39mJournal Service[0m...
[    7.763606] systemd[1]: Condition check resulted in Kernel Module supporting RPCSEC_GSS being skipped.
[    7.771831] systemd[1]: Starting Set the console keyboard layout...
         Starting [0;1;39mSet the console keyboard layout[0m...
[    7.782716] systemd[1]: Starting Create List of Static Device Nodes...
         Starting [0;1;39mCreate List of Static Device Nodes[0m...
[    7.792103] systemd[1]: Starting Monitoring of LVM2 mirrors, snapshots etc. using dmeventd or progress polling...
         Starting [0;1;39mMonitoring of LVM…meventd or progress polling[0m...
[    7.795366] systemd[1]: Condition check resulted in LXD - agent being skipped.
[    7.803172] systemd[1]: Starting Load Kernel Module chromeos_pstore...
         Starting [0;1;39mLoad Kernel Module chromeos_pstore[0m...
[    7.811164] systemd[1]: Starting Load Kernel Module configfs...
         Starting [0;1;39mLoad Kernel Module configfs[0m...
[    7.819391] systemd[1]: Starting Load Kernel Module drm...
         Starting [0;1;39mLoad Kernel Module drm[0m...
[    7.827710] systemd[1]: Starting Load Kernel Module efi_pstore...
         Starting [0;1;39mLoad Kernel Module efi_pstore[0m...
[    7.835825] systemd[1]: Starting Load Kernel Module fuse...
         Starting [0;1;39mLoad Kernel Module fuse[0m...
[    7.837395] random: systemd: uninitialized urandom read (16 bytes read)
[    7.844392] systemd[1]: Starting Load Kernel Module pstore_blk...
         Starting [0;1;39mLoad Kernel Module pstore_blk[0m...
[    7.849401] random: systemd: uninitialized urandom read (16 bytes read)
[    7.856235] systemd[1]: Starting Load Kernel Module pstore_zone...
         Starting [0;1;39mLoad Kernel Module pstore_zone[0m...
[    7.858678] random: systemd: uninitialized urandom read (16 bytes read)
[    7.867424] systemd[1]: Starting Load Kernel Module ramoops...
         Starting [0;1;39mLoad Kernel Module ramoops[0m...
[    7.884267] systemd[1]: Starting File System Check on Root Device...
         Starting [0;1;39mFile System Check on Root Device[0m...
[    7.925585] systemd[1]: Starting Load Kernel Modules...
         Starting [0;1;39mLoad Kernel Modules[0m...
[    7.949145] systemd[1]: Starting Coldplug All udev Devices...
         Starting [0;1;39mColdplug All udev Devices[0m...
[    7.972576] systemd[1]: Mounted Huge Pages File System.
[[0;32m  OK  [0m] Mounted [0;1;39mHuge Pages File System[0m.
[    7.974525] systemd[1]: Mounted POSIX Message Queue File System.
[[0;32m  OK  [0m] Mounted [0;1;39mPOSIX Message Queue File System[0m.
[    7.975958] systemd[1]: Mounted Kernel Debug File System.
[[0;32m  OK  [0m] Mounted [0;1;39mKernel Debug File System[0m.
[    7.978893] systemd[1]: Mounted Kernel Trace File System.
[[0;32m  OK  [0m] Mounted [0;1;39mKernel Trace File System[0m.
[    7.984350] systemd[1]: Finished Create List of Static Device Nodes.
[[0;32m  OK  [0m] Finished [0;1;39mCreate List of Static Device Nodes[0m.
[    7.990046] systemd[1]: modprobe@chromeos_pstore.service: Deactivated successfully.
[    7.991867] systemd[1]: Finished Load Kernel Module chromeos_pstore.
[[0;32m  OK  [0m] Finished [0;1;39mLoad Kernel Module chromeos_pstore[0m.
[    7.997200] systemd[1]: modprobe@configfs.service: Deactivated successfully.
[    7.999860] systemd[1]: Finished Load Kernel Module configfs.
[[0;32m  OK  [0m] Finished [0;1;39mLoad Kernel Module configfs[0m.
[    8.004162] systemd[1]: modprobe@drm.service: Deactivated successfully.
[    8.033040] systemd[1]: Finished Load Kernel Module drm.
[[0;32m  OK  [0m] Finished [0;1;39mLoad Kernel Module drm[0m.
[    8.039067] systemd[1]: Finished Monitoring of LVM2 mirrors, snapshots etc. using dmeventd or progress polling.
[[0;32m  OK  [0m] Finished [0;1;39mMonitoring of LVM… dmeventd or progress polling[0m.
[    8.043001] systemd[1]: modprobe@efi_pstore.service: Deactivated successfully.
[    8.045183] systemd[1]: Finished Load Kernel Module efi_pstore.
[[0;32m  OK  [0m] Finished [0;1;39mLoad Kernel Module efi_pstore[0m.
[    8.048244] systemd[1]: modprobe@fuse.service: Deactivated successfully.
[    8.050218] systemd[1]: Finished Load Kernel Module fuse.
[[0;32m  OK  [0m] Finished [0;1;39mLoad Kernel Module fuse[0m.
[    8.053166] systemd[1]: Started Journal Service.
[[0;32m  OK  [0m] Started [0;1;39mJournal Service[0m.
[[0;32m  OK  [0m] Finished [0;1;39mLoad Kernel Module pstore_blk[0m.
[[0;32m  OK  [0m] Finished [0;1;39mLoad Kernel Module pstore_zone[0m.
[[0;32m  OK  [0m] Finished [0;1;39mLoad Kernel Module ramoops[0m.
[[0;32m  OK  [0m] Finished [0;1;39mFile System Check on Root Device[0m.
[[0;32m  OK  [0m] Finished [0;1;39mLoad Kernel Modules[0m.
         Mounting [0;1;39mFUSE Control File System[0m...
         Mounting [0;1;39mKernel Configuration File System[0m...
[[0;32m  OK  [0m] Started [0;1;39mFile System Check Daemon to report status[0m.
         Starting [0;1;39mRemount Root and Kernel File Systems[0m...
         Starting [0;1;39mApply Kernel Variables[0m...
[[0;32m  OK  [0m] Mounted [0;1;39mFUSE Control File System[0m.
[[0;32m  OK  [0m] Mounted [0;1;39mKernel Configuration File System[0m.
[[0;32m  OK  [0m] Finished [0;1;39mRemount Root and Kernel File Systems[0m.
         Starting [0;1;39mDevice-Mapper Multipath Device Controller[0m...
         Starting [0;1;39mFlush Journal to Persistent Storage[0m...
         Starting [0;1;39mLoad/Save Random Seed[0m...
         Starting [0;1;39mCreate System Users[0m...
[[0;32m  OK  [0m] Finished [0;1;39mSet the console keyboard layout[0m.
[[0;32m  OK  [0m] Finished [0;1;39mApply Kernel Variables[0m.
[[0;32m  OK  [0m] Finished [0;1;39mColdplug All udev Devices[0m.
[[0;32m  OK  [0m] Finished [0;1;39mCreate System Users[0m.
         Starting [0;1;39mCreate Static Device Nodes in /dev[0m...
[[0;32m  OK  [0m] Finished [0;1;39mFlush Journal to Persistent Storage[0m.
[[0;32m  OK  [0m] Finished [0;1;39mCreate Static Device Nodes in /dev[0m.
         Starting [0;1;39mRule-based Manage…for Device Events and Files[0m...
[[0;32m  OK  [0m] Started [0;1;39mDevice-Mapper Multipath Device Controller[0m.
[[0;32m  OK  [0m] Reached target [0;1;39mPreparation for Local File Systems[0m.
         Mounting [0;1;39mMount unit for core20, revision 1828[0m...
         Mounting [0;1;39mMount unit for core20, revision 1852[0m...
         Mounting [0;1;39mMount unit for lxd, revision 31333[0m...
         Mounting [0;1;39mMount unit for lxd, revision 38800[0m...
         Mounting [0;1;39mMount unit for snapd, revision 18357[0m...
[[0;32m  OK  [0m] Mounted [0;1;39mMount unit for lxd, revision 31333[0m.
[[0;32m  OK  [0m] Mounted [0;1;39mMount unit for core20, revision 1852[0m.
[[0;32m  OK  [0m] Mounted [0;1;39mMount unit for core20, revision 1828[0m.
[[0;32m  OK  [0m] Mounted [0;1;39mMount unit for lxd, revision 38800[0m.
[[0;32m  OK  [0m] Mounted [0;1;39mMount unit for snapd, revision 18357[0m.
[[0;32m  OK  [0m] Reached target [0;1;39mMounted snaps[0m.
[[0;32m  OK  [0m] Started [0;1;39mRule-based Manager for Device Events and Files[0m.
[[0;32m  OK  [0m] Started [0;1;39mDispatch Password …ts to Console Directory Watch[0m.
[[0;32m  OK  [0m] Reached target [0;1;39mLocal Encrypted Volumes[0m.
[[0;32m  OK  [0m] Found device [0;1;39m/dev/ttyS0[0m.
[[0;32m  OK  [0m] Finished [0;1;39mLoad/Save Random Seed[0m.
[[0;32m  OK  [0m] Listening on [0;1;39mLoad/Save RF …itch Status /dev/rfkill Watch[0m.
[[0;32m  OK  [0m] Found device [0;1;39m/dev/disk/by-label/UEFI[0m.
         Starting [0;1;39mFile System Check on /dev/disk/by-label/UEFI[0m...
[[0;32m  OK  [0m] Finished [0;1;39mFile System Check on /dev/disk/by-label/UEFI[0m.
         Mounting [0;1;39m/boot/efi[0m...
[[0;32m  OK  [0m] Mounted [0;1;39m/boot/efi[0m.
[[0;32m  OK  [0m] Reached target [0;1;39mLocal File Systems[0m.
         Starting [0;1;39mLoad AppArmor profiles[0m...
         Starting [0;1;39mSet console font and keymap[0m...
         Starting [0;1;39mCreate final runt…dir for shutdown pivot root[0m...
         Starting [0;1;39mTell Plymouth To Write Out Runtime Data[0m...
         Starting [0;1;39mCreate Volatile Files and Directories[0m...
         Starting [0;1;39mUncomplicated firewall[0m...
[[0;32m  OK  [0m] Finished [0;1;39mSet console font and keymap[0m.
[[0;32m  OK  [0m] Finished [0;1;39mCreate final runt…e dir for shutdown pivot root[0m.
[[0;32m  OK  [0m] Finished [0;1;39mTell Plymouth To Write Out Runtime Data[0m.
[[0;32m  OK  [0m] Finished [0;1;39mUncomplicated firewall[0m.
[[0;32m  OK  [0m] Reached target [0;1;39mPreparation for Network[0m.
         Starting [0;1;39mOpen vSwitch Database Unit[0m...
         Starting [0;1;39mNetwork Configuration[0m...
[[0;32m  OK  [0m] Finished [0;1;39mCreate Volatile Files and Directories[0m.
         Mounting [0;1;39mRPC Pipe File System[0m...
         Starting [0;1;39mRPC bind portmap service[0m...
         Starting [0;1;39mRecord System Boot/Shutdown in UTMP[0m...
[[0;32m  OK  [0m] Finished [0;1;39mRecord System Boot/Shutdown in UTMP[0m.
[[0;32m  OK  [0m] Started [0;1;39mRPC bind portmap service[0m.
[[0;32m  OK  [0m] Reached target [0;1;39mRPC Port Mapper[0m.
[[0;32m  OK  [0m] Mounted [0;1;39mRPC Pipe File System[0m.
[[0;32m  OK  [0m] Reached target [0;1;39mrpc_pipefs.target[0m.
[[0;32m  OK  [0m] Reached target [0;1;39mNFS client services[0m.
[[0;32m  OK  [0m] Finished [0;1;39mLoad AppArmor profiles[0m.
         Starting [0;1;39mLoad AppArmor pro…managed internally by snapd[0m...
         Mounting [0;1;39mArbitrary Executable File Formats File System[0m...
[[0;32m  OK  [0m] Started [0;1;39mNetwork Configuration[0m.
         Starting [0;1;39mWait for Network to be Configured[0m...
         Starting [0;1;39mNetwork Name Resolution[0m...
[[0;32m  OK  [0m] Mounted [0;1;39mArbitrary Executable File Formats File System[0m.
[[0;32m  OK  [0m] Started [0;1;39mOpen vSwitch Database Unit[0m.
         Starting [0;1;39mOpenVSwitch configuration for cleanup[0m...
         Starting [0;1;39mOpen vSwitch Forwarding Unit[0m...
[[0;32m  OK  [0m] Started [0;1;39mNetwork Name Resolution[0m.
[[0;32m  OK  [0m] Reached target [0;1;39mHost and Network Name Lookups[0m.
[[0;32m  OK  [0m] Finished [0;1;39mLoad AppArmor pro…s managed internally by snapd[0m.
[[0;32m  OK  [0m] Reached target [0;1;39mSystem Initialization[0m.
[[0;32m  OK  [0m] Started [0;1;39mDaily apt download activities[0m.
[[0;32m  OK  [0m] Started [0;1;39mDaily apt upgrade and clean activities[0m.
[[0;32m  OK  [0m] Started [0;1;39mDaily dpkg database backup timer[0m.
[[0;32m  OK  [0m] Started [0;1;39mPeriodic ext4 Onli…ata Check for All Filesystems[0m.
[[0;32m  OK  [0m] Started [0;1;39mDiscard unused blocks once a week[0m.
[[0;32m  OK  [0m] Started [0;1;39mDaily rotation of log files[0m.
[[0;32m  OK  [0m] Started [0;1;39mDaily man-db regeneration[0m.
[[0;32m  OK  [0m] Started [0;1;39mMessage of the Day[0m.
[[0;32m  OK  [0m] Started [0;1;39mDaily Cleanup of Temporary Directories[0m.
[[0;32m  OK  [0m] Started [0;1;39mUbuntu Advantage Timer for running repeated jobs[0m.
[[0;32m  OK  [0m] Reached target [0;1;39mPath Units[0m.
[[0;32m  OK  [0m] Listening on [0;1;39mD-Bus System Message Bus Socket[0m.
[[0;32m  OK  [0m] Listening on [0;1;39mOpen-iSCSI iscsid Socket[0m.
[[0;32m  OK  [0m] Listening on [0;1;39mSocket unix for snap application lxd.daemon[0m.
[[0;32m  OK  [0m] Listening on [0;1;39mSocket unix f…p application lxd.user-daemon[0m.
         Starting [0;1;39mSocket activation for snappy daemon[0m...
[[0;32m  OK  [0m] Listening on [0;1;39mUUID daemon activation socket[0m.
[[0;32m  OK  [0m] Listening on [0;1;39mSocket activation for snappy daemon[0m.
[[0;32m  OK  [0m] Reached target [0;1;39mSocket Units[0m.
[[0;32m  OK  [0m] Reached target [0;1;39mBasic System[0m.
[[0;32m  OK  [0m] Started [0;1;39mD-Bus System Message Bus[0m.
[[0;32m  OK  [0m] Started [0;1;39mSave initial kernel messages after boot[0m.
         Starting [0;1;39mRemove Stale Onli…t4 Metadata Check Snapshots[0m...
         Starting [0;1;39mRecord successful boot for GRUB[0m...
[[0;32m  OK  [0m] Started [0;1;39mirqbalance daemon[0m.
         Starting [0;1;39mDispatcher daemon for systemd-networkd[0m...
         Starting [0;1;39mSystem Logging Service[0m...
[[0;32m  OK  [0m] Reached target [0;1;39mPreparation for Logins[0m.
         Starting [0;1;39mSnap Daemon[0m...
         Starting [0;1;39mUser Login Management[0m...
         Starting [0;1;39mRotate log files[0m...
[[0;32m  OK  [0m] Finished [0;1;39mRecord successful boot for GRUB[0m.
         Starting [0;1;39mGRUB failed boot detection[0m...
[[0;32m  OK  [0m] Started [0;1;39mSystem Logging Service[0m.
[[0;32m  OK  [0m] Finished [0;1;39mGRUB failed boot detection[0m.
[[0;32m  OK  [0m] Finished [0;1;39mRemove Stale Onli…ext4 Metadata Check Snapshots[0m.
[[0;32m  OK  [0m] Started [0;1;39mUser Login Management[0m.
[[0;32m  OK  [0m] Finished [0;1;39mRotate log files[0m.
[[0;32m  OK  [0m] Started [0;1;39mOpen vSwitch Forwarding Unit[0m.
         Starting [0;1;39mOpen vSwitch[0m...
[[0;32m  OK  [0m] Finished [0;1;39mOpen vSwitch[0m.
[[0;32m  OK  [0m] Finished [0;1;39mWait for Network to be Configured[0m.
[[0;32m  OK  [0m] Started [0;1;39mDispatcher daemon for systemd-networkd[0m.
[[0;32m  OK  [0m] Finished [0;1;39mOpenVSwitch configuration for cleanup[0m.
[[0;32m  OK  [0m] Reached target [0;1;39mNetwork[0m.
[[0;32m  OK  [0m] Reached target [0;1;39mNetwork is Online[0m.
[[0;32m  OK  [0m] Started [0;1;39mDownload data for …ailed at package install time[0m.
[[0;32m  OK  [0m] Started [0;1;39mCheck to see wheth…w version of Ubuntu available[0m.
[[0;32m  OK  [0m] Reached target [0;1;39mTimer Units[0m.
[[0;32m  OK  [0m] Reached target [0;1;39mPreparation for Remote File Systems[0m.
[[0;32m  OK  [0m] Reached target [0;1;39mRemote File Systems[0m.
         Starting [0;1;39mLSB: automatic crash report generation[0m...
[[0;32m  OK  [0m] Finished [0;1;39mAvailability of block devices[0m.
[[0;32m  OK  [0m] Started [0;1;39mRegular background program processing daemon[0m.
         Starting [0;1;39mOpen vSwitch Record Hostname[0m...
         Starting [0;1;39mNotify NFS peers of a restart[0m...
         Starting [0;1;39mService for snap application lxd.activate[0m...
         Starting [0;1;39mOpenBSD Secure Shell server[0m...
         Starting [0;1;39mPermit User Sessions[0m...
[[0;32m  OK  [0m] Started [0;1;39mUnattended Upgrades Shutdown[0m.
[[0;32m  OK  [0m] Started [0;1;39mNotify NFS peers of a restart[0m.
[[0;32m  OK  [0m] Finished [0;1;39mPermit User Sessions[0m.
         Starting [0;1;39mHold until boot process finishes up[0m...
         Starting [0;1;39mTerminate Plymouth Boot Screen[0m...
[[0;32m  OK  [0m] Finished [0;1;39mHold until boot process finishes up[0m.
[[0;32m  OK  [0m] Started [0;1;39mSerial Getty on ttyS0[0m.
         Starting [0;1;39mSet console scheme[0m...
[[0;32m  OK  [0m] Finished [0;1;39mTerminate Plymouth Boot Screen[0m.
[[0;32m  OK  [0m] Finished [0;1;39mSet console scheme[0m.
[[0;32m  OK  [0m] Created slice [0;1;39mSlice /system/getty[0m.
[[0;32m  OK  [0m] Started [0;1;39mGetty on tty1[0m.
[[0;32m  OK  [0m] Reached target [0;1;39mLogin Prompts[0m.
[[0;32m  OK  [0m] Started [0;1;39mLSB: automatic crash report generation[0m.
[[0;32m  OK  [0m] Finished [0;1;39mOpen vSwitch Record Hostname[0m.
[[0;32m  OK  [0m] Started [0;1;39mOpenBSD Secure Shell server[0m.

Ubuntu 22.04.2 LTS ik2221 ttyS0

ik2221 login: 