WARNING:version:POX requires one of the following versions of Python: 3.6 3.7 3.8 3.9
WARNING:version:You're running Python 3.10.
WARNING:version:If you run into problems, try using a supported version.
INFO:core:POX 0.7.0 (gar) is up.
INFO:openflow.of_01:[00-00-00-00-00-03 2] connected
INFO:baseController:Starting Learning Switch for switch 3
INFO:openflow.of_01:[00-00-00-00-00-01 3] connected
INFO:baseController:Starting Learning Switch for switch 1
INFO:openflow.of_01:[00-00-00-00-00-02 4] connected
INFO:baseController:Starting Learning Switch for switch 2
INFO:openflow.of_01:[00-00-00-00-00-04 5] connected
INFO:baseController:Starting NAPT
INFO:openflow.of_01:[00-00-00-00-00-05 6] connected
INFO:baseController:Starting IDS — waiting for ids-eth1 to appear...
INFO:baseController:IDS interface ready, starting Click
INFO:openflow.of_01:[00-00-00-00-00-06 7] connected
INFO:baseController:Starting Load Balancer
INFO:openflow.of_01:[00-00-00-00-00-03 2] closed
INFO:openflow.of_01:[00-00-00-00-00-01 3] closed
INFO:openflow.of_01:[00-00-00-00-00-02 4] closed
INFO:openflow.of_01:[00-00-00-00-00-04 5] closed
INFO:openflow.of_01:[00-00-00-00-00-05 6] closed
INFO:openflow.of_01:[00-00-00-00-00-06 7] closed
